Archive member included to satisfy reference by file (symbol)

/Applications/gcc-arm-none-eabi-5_2-2015q4/bin/../lib/gcc/arm-none-eabi/5.2.1/../../../../arm-none-eabi/lib/armv7-m/libg_nano.a(lib_a-exit.o)
                              /Applications/gcc-arm-none-eabi-5_2-2015q4/bin/../lib/gcc/arm-none-eabi/5.2.1/../../../../arm-none-eabi/lib/armv7-m/crt0.o (exit)
/Applications/gcc-arm-none-eabi-5_2-2015q4/bin/../lib/gcc/arm-none-eabi/5.2.1/../../../../arm-none-eabi/lib/armv7-m/libg_nano.a(lib_a-impure.o)
                              /Applications/gcc-arm-none-eabi-5_2-2015q4/bin/../lib/gcc/arm-none-eabi/5.2.1/../../../../arm-none-eabi/lib/armv7-m/libg_nano.a(lib_a-exit.o) (_global_impure_ptr)
/Applications/gcc-arm-none-eabi-5_2-2015q4/bin/../lib/gcc/arm-none-eabi/5.2.1/../../../../arm-none-eabi/lib/armv7-m/libg_nano.a(lib_a-init.o)
                              /Applications/gcc-arm-none-eabi-5_2-2015q4/bin/../lib/gcc/arm-none-eabi/5.2.1/../../../../arm-none-eabi/lib/armv7-m/crt0.o (__libc_init_array)
/Applications/gcc-arm-none-eabi-5_2-2015q4/bin/../lib/gcc/arm-none-eabi/5.2.1/../../../../arm-none-eabi/lib/armv7-m/libg_nano.a(lib_a-memset.o)
                              /Applications/gcc-arm-none-eabi-5_2-2015q4/bin/../lib/gcc/arm-none-eabi/5.2.1/../../../../arm-none-eabi/lib/armv7-m/crt0.o (memset)

Discarded input sections

 .text          0x0000000000000000        0x0 /Applications/gcc-arm-none-eabi-5_2-2015q4/bin/../lib/gcc/arm-none-eabi/5.2.1/armv7-m/crti.o
 .data          0x0000000000000000        0x0 /Applications/gcc-arm-none-eabi-5_2-2015q4/bin/../lib/gcc/arm-none-eabi/5.2.1/armv7-m/crti.o
 .bss           0x0000000000000000        0x0 /Applications/gcc-arm-none-eabi-5_2-2015q4/bin/../lib/gcc/arm-none-eabi/5.2.1/armv7-m/crti.o
 .data          0x0000000000000000        0x4 /Applications/gcc-arm-none-eabi-5_2-2015q4/bin/../lib/gcc/arm-none-eabi/5.2.1/armv7-m/crtbegin.o
 .text          0x0000000000000000       0x74 /Applications/gcc-arm-none-eabi-5_2-2015q4/bin/../lib/gcc/arm-none-eabi/5.2.1/../../../../arm-none-eabi/lib/armv7-m/crt0.o
 .data          0x0000000000000000        0x0 /Applications/gcc-arm-none-eabi-5_2-2015q4/bin/../lib/gcc/arm-none-eabi/5.2.1/../../../../arm-none-eabi/lib/armv7-m/crt0.o
 .bss           0x0000000000000000        0x0 /Applications/gcc-arm-none-eabi-5_2-2015q4/bin/../lib/gcc/arm-none-eabi/5.2.1/../../../../arm-none-eabi/lib/armv7-m/crt0.o
 .ARM.extab     0x0000000000000000        0x0 /Applications/gcc-arm-none-eabi-5_2-2015q4/bin/../lib/gcc/arm-none-eabi/5.2.1/../../../../arm-none-eabi/lib/armv7-m/crt0.o
 .ARM.exidx     0x0000000000000000        0x8 /Applications/gcc-arm-none-eabi-5_2-2015q4/bin/../lib/gcc/arm-none-eabi/5.2.1/../../../../arm-none-eabi/lib/armv7-m/crt0.o
 .ARM.attributes
                0x0000000000000000       0x1b /Applications/gcc-arm-none-eabi-5_2-2015q4/bin/../lib/gcc/arm-none-eabi/5.2.1/../../../../arm-none-eabi/lib/armv7-m/crt0.o
 .text          0x0000000000000000        0x0 ./src/main.o
 .data          0x0000000000000000        0x0 ./src/main.o
 .bss           0x0000000000000000        0x0 ./src/main.o
 .text.NVIC_SetPriority
                0x0000000000000000       0x54 ./src/main.o
 .text.SysTick_Config
                0x0000000000000000       0x44 ./src/main.o
 .bss.LSE_Delay
                0x0000000000000000        0x4 ./src/main.o
 .bss.count     0x0000000000000000        0x4 ./src/main.o
 .bss.BlinkSpeed
                0x0000000000000000        0x4 ./src/main.o
 .bss.KeyState  0x0000000000000000        0x4 ./src/main.o
 .bss.TimingDelay
                0x0000000000000000        0x4 ./src/main.o
 .text.main     0x0000000000000000      0x1e8 ./src/main.o
 .text.Delay    0x0000000000000000       0x28 ./src/main.o
 .text.TimingDelay_Decrement
                0x0000000000000000       0x24 ./src/main.o
 .debug_info    0x0000000000000000      0x658 ./src/main.o
 .debug_abbrev  0x0000000000000000      0x223 ./src/main.o
 .debug_aranges
                0x0000000000000000       0x40 ./src/main.o
 .debug_ranges  0x0000000000000000       0x30 ./src/main.o
 .debug_line    0x0000000000000000      0x20b ./src/main.o
 .debug_str     0x0000000000000000      0x60e ./src/main.o
 .comment       0x0000000000000000       0x6f ./src/main.o
 .debug_frame   0x0000000000000000       0xc0 ./src/main.o
 .ARM.attributes
                0x0000000000000000       0x33 ./src/main.o
 .text          0x0000000000000000        0x0 ./src/stm32f10x_it.o
 .data          0x0000000000000000        0x0 ./src/stm32f10x_it.o
 .bss           0x0000000000000000        0x0 ./src/stm32f10x_it.o
 .text.NMI_Handler
                0x0000000000000000        0xc ./src/stm32f10x_it.o
 .text.HardFault_Handler
                0x0000000000000000        0x8 ./src/stm32f10x_it.o
 .text.MemManage_Handler
                0x0000000000000000        0x8 ./src/stm32f10x_it.o
 .text.BusFault_Handler
                0x0000000000000000        0x8 ./src/stm32f10x_it.o
 .text.UsageFault_Handler
[...]
Memory Configuration

Name             Origin             Length             Attributes
FLASH            0x0000000008000000 0x0000000000020000 xr
RAM              0x0000000020000000 0x0000000000002000 xrw
MEMORY_B1        0x0000000060000000 0x0000000000000000 xr
*default*        0x0000000000000000 0xffffffffffffffff

Linker script and memory map

LOAD /Applications/gcc-arm-none-eabi-5_2-2015q4/bin/../lib/gcc/arm-none-eabi/5.2.1/armv7-m/crti.o
LOAD /Applications/gcc-arm-none-eabi-5_2-2015q4/bin/../lib/gcc/arm-none-eabi/5.2.1/armv7-m/crtbegin.o
LOAD /Applications/gcc-arm-none-eabi-5_2-2015q4/bin/../lib/gcc/arm-none-eabi/5.2.1/../../../../arm-none-eabi/lib/armv7-m/crt0.o
LOAD ./src/main.o
LOAD ./src/stm32f10x_it.o
LOAD ../../Libraries/STM32F10x_StdPeriph_Driver/src/misc.o
LOAD ../../Libraries/STM32F10x_StdPeriph_Driver/src/stm32f10x_adc.o
LOAD ../../Libraries/STM32F10x_StdPeriph_Driver/src/stm32f10x_bkp.o
LOAD ../../Libraries/STM32F10x_StdPeriph_Driver/src/stm32f10x_can.o
LOAD ../../Libraries/STM32F10x_StdPeriph_Driver/src/stm32f10x_cec.o
LOAD ../../Libraries/STM32F10x_StdPeriph_Driver/src/stm32f10x_crc.o
LOAD ../../Libraries/STM32F10x_StdPeriph_Driver/src/stm32f10x_dac.o
LOAD ../../Libraries/STM32F10x_StdPeriph_Driver/src/stm32f10x_dbgmcu.o
LOAD ../../Libraries/STM32F10x_StdPeriph_Driver/src/stm32f10x_dma.o
LOAD ../../Libraries/STM32F10x_StdPeriph_Driver/src/stm32f10x_exti.o
LOAD ../../Libraries/STM32F10x_StdPeriph_Driver/src/stm32f10x_flash.o
LOAD ../../Libraries/STM32F10x_StdPeriph_Driver/src/stm32f10x_fsmc.o
LOAD ../../Libraries/STM32F10x_StdPeriph_Driver/src/stm32f10x_gpio.o
LOAD ../../Libraries/STM32F10x_StdPeriph_Driver/src/stm32f10x_i2c.o
LOAD ../../Libraries/STM32F10x_StdPeriph_Driver/src/stm32f10x_iwdg.o
LOAD ../../Libraries/STM32F10x_StdPeriph_Driver/src/stm32f10x_pwr.o
LOAD ../../Libraries/STM32F10x_StdPeriph_Driver/src/stm32f10x_rcc.o
LOAD ../../Libraries/STM32F10x_StdPeriph_Driver/src/stm32f10x_rtc.o
LOAD ../../Libraries/STM32F10x_StdPeriph_Driver/src/stm32f10x_sdio.o
LOAD ../../Libraries/STM32F10x_StdPeriph_Driver/src/stm32f10x_spi.o
LOAD ../../Libraries/STM32F10x_StdPeriph_Driver/src/stm32f10x_tim.o
LOAD ../../Libraries/STM32F10x_StdPeriph_Driver/src/stm32f10x_usart.o
LOAD ../../Libraries/STM32F10x_StdPeriph_Driver/src/stm32f10x_wwdg.o
LOAD ../../Libraries/CMSIS/core_cm3.o
LOAD ../../Libraries/CMSIS/system_stm32f10x.o
LOAD ../../Libraries/STM32_VLDiscovery/STM32vldiscovery.o
LOAD /Applications/gcc-arm-none-eabi-5_2-2015q4/bin/../lib/gcc/arm-none-eabi/5.2.1/../../../../arm-none-eabi/lib/armv7-m/libm.a
LOAD /Applications/gcc-arm-none-eabi-5_2-2015q4/bin/../lib/gcc/arm-none-eabi/5.2.1/../../../../arm-none-eabi/lib/libstdc++_s.a
START GROUP
LOAD /Applications/gcc-arm-none-eabi-5_2-2015q4/bin/../lib/gcc/arm-none-eabi/5.2.1/armv7-m/libgcc.a
LOAD /Applications/gcc-arm-none-eabi-5_2-2015q4/bin/../lib/gcc/arm-none-eabi/5.2.1/../../../../arm-none-eabi/lib/armv7-m/libg_nano.a
LOAD /Applications/gcc-arm-none-eabi-5_2-2015q4/bin/../lib/gcc/arm-none-eabi/5.2.1/../../../../arm-none-eabi/lib/armv7-m/libc_nano.a
END GROUP
START GROUP
LOAD /Applications/gcc-arm-none-eabi-5_2-2015q4/bin/../lib/gcc/arm-none-eabi/5.2.1/armv7-m/libgcc.a
LOAD /Applications/gcc-arm-none-eabi-5_2-2015q4/bin/../lib/gcc/arm-none-eabi/5.2.1/../../../../arm-none-eabi/lib/armv7-m/libc_nano.a
END GROUP
LOAD /Applications/gcc-arm-none-eabi-5_2-2015q4/bin/../lib/gcc/arm-none-eabi/5.2.1/armv7-m/crtend.o
LOAD /Applications/gcc-arm-none-eabi-5_2-2015q4/bin/../lib/gcc/arm-none-eabi/5.2.1/armv7-m/crtn.o
                0x0000000020002000                _estack = 0x20002000
                0x0000000000000000                _Min_Heap_Size = 0x0
                0x0000000000000800                _Min_Stack_Size = 0x800

.isr_vector     0x0000000008000000        0x0
                0x0000000008000000                . = ALIGN (0x4)
 *(.isr_vector)
                0x0000000008000000                . = ALIGN (0x4)

.text           0x0000000008000000       0xbc
                0x0000000008000000                . = ALIGN (0x4)
 *(.text)
 .text          0x0000000008000000       0xa4 /Applications/gcc-arm-none-eabi-5_2-2015q4/bin/../lib/gcc/arm-none-eabi/5.2.1/armv7-m/crtbegin.o
 *(.text*)
 *(.rodata)
 *(.rodata*)
 *(.glue_7)
 .glue_7        0x00000000080000a4        0x0 linker stubs
 *(.glue_7t)
 .glue_7t       0x00000000080000a4        0x0 linker stubs
 *(.init)
 .init          0x00000000080000a4        0x4 /Applications/gcc-arm-none-eabi-5_2-2015q4/bin/../lib/gcc/arm-none-eabi/5.2.1/armv7-m/crti.o
                0x00000000080000a4                _init
 .init          0x00000000080000a8        0x8 /Applications/gcc-arm-none-eabi-5_2-2015q4/bin/../lib/gcc/arm-none-eabi/5.2.1/armv7-m/crtn.o
 *(.fini)
 .fini          0x00000000080000b0        0x4 /Applications/gcc-arm-none-eabi-5_2-2015q4/bin/../lib/gcc/arm-none-eabi/5.2.1/armv7-m/crti.o
                0x00000000080000b0                _fini
 .fini          0x00000000080000b4        0x8 /Applications/gcc-arm-none-eabi-5_2-2015q4/bin/../lib/gcc/arm-none-eabi/5.2.1/armv7-m/crtn.o
                0x00000000080000bc                . = ALIGN (0x4)
                0x00000000080000bc                _etext = .

.eh_frame       0x00000000080000bc        0x0
 .eh_frame      0x00000000080000bc        0x0 /Applications/gcc-arm-none-eabi-5_2-2015q4/bin/../lib/gcc/arm-none-eabi/5.2.1/armv7-m/crtbegin.o

.vfp11_veneer   0x00000000080000bc        0x0
 .vfp11_veneer  0x00000000080000bc        0x0 linker stubs

.v4_bx          0x00000000080000bc        0x0
 .v4_bx         0x00000000080000bc        0x0 linker stubs

.iplt           0x00000000080000bc        0x0
 .iplt          0x00000000080000bc        0x0 /Applications/gcc-arm-none-eabi-5_2-2015q4/bin/../lib/gcc/arm-none-eabi/5.2.1/armv7-m/crtbegin.o

.rel.dyn        0x00000000080000bc        0x0
 .rel.iplt      0x00000000080000bc        0x0 /Applications/gcc-arm-none-eabi-5_2-2015q4/bin/../lib/gcc/arm-none-eabi/5.2.1/armv7-m/crtbegin.o

.ARM.extab
 *(.ARM.extab* .gnu.linkonce.armextab.*)

.ARM            0x00000000080000bc        0x0
                0x00000000080000bc                __exidx_start = .
 *(.ARM.exidx*)
                0x00000000080000bc                __exidx_end = .

.ARM.attributes
                0x0000000000000000       0x29
 *(.ARM.attributes)
 .ARM.attributes
                0x0000000000000000       0x1d /Applications/gcc-arm-none-eabi-5_2-2015q4/bin/../lib/gcc/arm-none-eabi/5.2.1/armv7-m/crti.o
 .ARM.attributes
                0x000000000000001d       0x2d /Applications/gcc-arm-none-eabi-5_2-2015q4/bin/../lib/gcc/arm-none-eabi/5.2.1/armv7-m/crtbegin.o
 .ARM.attributes
                0x000000000000004a       0x2d /Applications/gcc-arm-none-eabi-5_2-2015q4/bin/../lib/gcc/arm-none-eabi/5.2.1/armv7-m/crtend.o
 .ARM.attributes
                0x0000000000000077       0x1d /Applications/gcc-arm-none-eabi-5_2-2015q4/bin/../lib/gcc/arm-none-eabi/5.2.1/armv7-m/crtn.o

.preinit_array  0x00000000080000bc        0x0
                0x00000000080000bc                PROVIDE (__preinit_array_start, .)
 *(.preinit_array*)
                0x00000000080000bc                PROVIDE (__preinit_array_end, .)

.init_array     0x00000000080000bc        0x4
                0x00000000080000bc                PROVIDE (__init_array_start, .)
 *(SORT(.init_array.*))
 *(.init_array*)
 .init_array    0x00000000080000bc        0x4 /Applications/gcc-arm-none-eabi-5_2-2015q4/bin/../lib/gcc/arm-none-eabi/5.2.1/armv7-m/crtbegin.o
                0x00000000080000c0                PROVIDE (__init_array_end, .)

.fini_array     0x00000000080000c0        0x4
                [!provide]                        PROVIDE (__fini_array_start, .)
 *(.fini_array*)
 .fini_array    0x00000000080000c0        0x4 /Applications/gcc-arm-none-eabi-5_2-2015q4/bin/../lib/gcc/arm-none-eabi/5.2.1/armv7-m/crtbegin.o
 *(SORT(.fini_array.*))
                [!provide]                        PROVIDE (__fini_array_end, .)
                0x00000000080000c4                _sidata = .

.data           0x0000000020000000        0x0 load address 0x00000000080000c4
                0x0000000020000000                . = ALIGN (0x4)
                0x0000000020000000                _sdata = .
 *(.data)
 *(.data*)
                0x0000000020000000                . = ALIGN (0x4)
                0x0000000020000000                _edata = .

.jcr            0x0000000020000000        0x0
 .jcr           0x0000000020000000        0x0 /Applications/gcc-arm-none-eabi-5_2-2015q4/bin/../lib/gcc/arm-none-eabi/5.2.1/armv7-m/crtbegin.o

.tm_clone_table
                0x0000000020000000        0x0
 .tm_clone_table
                0x0000000020000000        0x0 /Applications/gcc-arm-none-eabi-5_2-2015q4/bin/../lib/gcc/arm-none-eabi/5.2.1/armv7-m/crtbegin.o
 .tm_clone_table
                0x0000000020000000        0x0 /Applications/gcc-arm-none-eabi-5_2-2015q4/bin/../lib/gcc/arm-none-eabi/5.2.1/armv7-m/crtend.o

.igot.plt       0x0000000020000000        0x0
 .igot.plt      0x0000000020000000        0x0 /Applications/gcc-arm-none-eabi-5_2-2015q4/bin/../lib/gcc/arm-none-eabi/5.2.1/armv7-m/crtbegin.o
                0x0000000020000000                . = ALIGN (0x4)

.bss            0x0000000020000000       0x1c
                0x0000000020000000                _sbss = .
                0x0000000020000000                __bss_start__ = _sbss
 *(.bss)
 .bss           0x0000000020000000       0x1c /Applications/gcc-arm-none-eabi-5_2-2015q4/bin/../lib/gcc/arm-none-eabi/5.2.1/armv7-m/crtbegin.o
 *(.bss*)
 *(COMMON)
                0x000000002000001c                . = ALIGN (0x4)
                0x000000002000001c                _ebss = .
                0x000000002000001c                __bss_end__ = _ebss
                [!provide]                        PROVIDE (end, _ebss)
                [!provide]                        PROVIDE (_end, _ebss)

._user_heap_stack
                0x000000002000001c      0x800
                0x000000002000001c                . = ALIGN (0x4)
                0x000000002000001c                . = (. + _Min_Heap_Size)
                0x000000002000081c                . = (. + _Min_Stack_Size)
 *fill*         0x000000002000001c      0x800 
                0x000000002000081c                . = ALIGN (0x4)

.memory_b1_text
 *(.mb1text)
 *(.mb1text*)
 *(.mb1rodata)
 *(.mb1rodata*)

/DISCARD/
 libc.a(*)
 libm.a(*)
 libgcc.a(*)
OUTPUT(example.elf elf32-littlearm)
